ERROR: compairson.py failed. 
ERROR: filtered_DK_Salaries.py failed. 
ERROR: filtered_DK_Salaries.py failed. 
===== run started Wed 06/17/2026 20:27:23.44 ===== 
WARNING: vegas_sp_adjust.py failed - vegas.csv not updated. 
===== run finished Wed 06/17/2026 20:28:23.44 ===== 
===== run started Wed 06/17/2026 20:46:29.29 ===== 
===== run finished Wed 06/17/2026 20:47:28.18 ===== 
===== run started Wed 06/17/2026 20:56:51.06 ===== 
===== run finished Wed 06/17/2026 20:57:48.95 ===== 
===== run started Thu 06/18/2026  6:02:28.55 ===== 
WARNING: vegas_sp_adjust.py failed - vegas.csv not updated. 
===== run finished Thu 06/18/2026  6:03:22.75 ===== 
===== run started Thu 06/18/2026  7:02:28.89 ===== 
WARNING: vegas_sp_adjust.py failed - vegas.csv not updated. 
===== run finished Thu 06/18/2026  7:03:11.12 ===== 
===== run started Fri 06/19/2026  6:02:28.72 ===== 
WARNING: vegas_sp_adjust.py failed - vegas.csv not updated. 
===== run finished Fri 06/19/2026  6:03:13.82 ===== 
===== run started Fri 06/19/2026  7:02:28.98 ===== 
WARNING: vegas_sp_adjust.py failed - vegas.csv not updated. 
===== run finished Fri 06/19/2026  7:03:09.67 ===== 
===== run started Sat 06/20/2026  6:02:29.04 ===== 
WARNING: vegas_sp_adjust.py failed - vegas.csv not updated. 
===== run finished Sat 06/20/2026  6:03:15.04 ===== 
===== run started Sat 06/20/2026  7:02:29.39 ===== 
WARNING: vegas_sp_adjust.py failed - vegas.csv not updated. 
===== run finished Sat 06/20/2026  7:03:10.33 ===== 
===== run started Sun 06/21/2026  6:02:27.67 ===== 
WARNING: vegas_sp_adjust.py failed - vegas.csv not updated. 
===== run finished Sun 06/21/2026  6:03:12.69 ===== 
===== run started Sun 06/21/2026  7:02:27.98 ===== 
WARNING: vegas_sp_adjust.py failed - vegas.csv not updated. 
===== run finished Sun 06/21/2026  7:03:10.24 ===== 
===== run started Mon 06/22/2026  6:02:28.57 ===== 
WARNING: vegas_sp_adjust.py failed - vegas.csv not updated. 
===== run finished Mon 06/22/2026  6:03:15.75 ===== 
===== run started Mon 06/22/2026  7:02:28.79 ===== 
WARNING: vegas_sp_adjust.py failed - vegas.csv not updated. 
===== run finished Mon 06/22/2026  7:03:11.70 ===== 
===== run started Tue 06/23/2026  6:02:28.21 ===== 
ERROR: parquet_convert.py failed. 
===== run started Tue 06/23/2026  7:02:28.91 ===== 
ERROR: parquet_convert.py failed. 
===== run started Wed 06/24/2026  6:02:28.09 ===== 
WARNING: vegas_sp_adjust.py failed - vegas.csv not updated. 
===== run finished Wed 06/24/2026  6:03:16.51 ===== 
===== run started Wed 06/24/2026  7:02:28.41 ===== 
WARNING: vegas_sp_adjust.py failed - vegas.csv not updated. 
===== run finished Wed 06/24/2026  7:03:12.17 ===== 
===== run started Sat 07/11/2026 11:14:00.38 ===== 
WARNING: vegas_sp_adjust.py failed - vegas.csv not updated. 
===== run finished Sat 07/11/2026 11:18:00.88 ===== 
===== run started Sat 07/11/2026 12:03:37.00 ===== 
WARNING: vegas_sp_adjust.py failed - vegas.csv not updated. 
===== run finished Sat 07/11/2026 12:04:23.89 ===== 
===== run started Sun 07/12/2026 12:45:40.95 ===== 
WARNING: vegas_sp_adjust.py failed - vegas.csv not updated. 
===== run finished Sun 07/12/2026 12:49:38.31 ===== 
===== run started Sun 07/12/2026 13:31:31.58 ===== 
WARNING: vegas_sp_adjust.py failed - vegas.csv not updated. 
===== run finished Sun 07/12/2026 13:32:19.33 ===== 
===== run started Mon 07/13/2026  6:02:28.72 ===== 
WARNING: vegas_sp_adjust.py failed - vegas.csv not updated. 
===== run finished Mon 07/13/2026  6:03:23.70 ===== 
===== run started Mon 07/13/2026  7:02:29.11 ===== 
WARNING: vegas_sp_adjust.py failed - vegas.csv not updated. 
===== run finished Mon 07/13/2026  7:03:15.18 ===== 
===== run started Tue 07/14/2026  6:02:29.06 ===== 
WARNING: vegas_sp_adjust.py failed - vegas.csv not updated. 
===== run finished Tue 07/14/2026  6:03:16.36 ===== 
===== run started Tue 07/14/2026  7:02:28.72 ===== 
WARNING: vegas_sp_adjust.py failed - vegas.csv not updated. 
===== run finished Tue 07/14/2026  7:03:15.01 ===== 
===== run started Wed 07/15/2026  6:02:28.70 ===== 
WARNING: vegas_sp_adjust.py failed - vegas.csv not updated. 
===== run finished Wed 07/15/2026  6:03:17.08 ===== 
===== run started Wed 07/15/2026  7:02:28.74 ===== 
WARNING: vegas_sp_adjust.py failed - vegas.csv not updated. 
===== run finished Wed 07/15/2026  7:03:14.52 ===== 
===== run started Thu 07/16/2026  6:02:28.82 ===== 
WARNING: vegas_sp_adjust.py failed - vegas.csv not updated. 
===== run finished Thu 07/16/2026  6:03:20.43 ===== 
===== run started Thu 07/16/2026  7:02:29.17 ===== 
WARNING: vegas_sp_adjust.py failed - vegas.csv not updated. 
===== run finished Thu 07/16/2026  7:03:18.42 ===== 
===== run started Fri 07/17/2026  6:02:29.21 ===== 
WARNING: vegas_sp_adjust.py failed - vegas.csv not updated. 
===== run finished Fri 07/17/2026  6:03:20.31 ===== 
===== run started Fri 07/17/2026  7:02:28.82 ===== 
WARNING: vegas_sp_adjust.py failed - vegas.csv not updated. 
===== run finished Fri 07/17/2026  7:03:18.16 ===== 
===== run started Sat 07/18/2026  6:02:28.62 ===== 
WARNING: vegas_sp_adjust.py failed - vegas.csv not updated. 
===== run finished Sat 07/18/2026  6:03:20.44 ===== 
===== run started Sat 07/18/2026  7:02:28.88 ===== 
WARNING: vegas_sp_adjust.py failed - vegas.csv not updated. 
===== run finished Sat 07/18/2026  7:03:14.47 ===== 
===== run started Sun 07/19/2026  6:02:42.27 ===== 
WARNING: vegas_sp_adjust.py failed - vegas.csv not updated. 
===== run finished Sun 07/19/2026  6:03:39.42 ===== 
===== run started Sun 07/19/2026  7:02:28.27 ===== 
WARNING: vegas_sp_adjust.py failed - vegas.csv not updated. 
===== run finished Sun 07/19/2026  7:03:06.38 ===== 
===== run started Mon 07/20/2026  6:02:28.26 ===== 
WARNING: vegas_sp_adjust.py failed - vegas.csv not updated. 
===== run finished Mon 07/20/2026  6:03:13.29 ===== 
===== run started Mon 07/20/2026  7:02:28.46 ===== 
WARNING: vegas_sp_adjust.py failed - vegas.csv not updated. 
===== run finished Mon 07/20/2026  7:03:07.67 ===== 
===== run started Tue 07/21/2026  6:02:28.33 ===== 
WARNING: vegas_sp_adjust.py failed - vegas.csv not updated. 
===== run finished Tue 07/21/2026  6:03:12.32 ===== 
===== run started Tue 07/21/2026  7:02:28.35 ===== 
WARNING: vegas_sp_adjust.py failed - vegas.csv not updated. 
===== run finished Tue 07/21/2026  7:03:06.90 ===== 
===== run started Wed 07/22/2026  6:02:27.36 ===== 
WARNING: vegas_sp_adjust.py failed - vegas.csv not updated. 
===== run finished Wed 07/22/2026  6:03:12.91 ===== 
===== run started Wed 07/22/2026  7:08:44.17 ===== 
WARNING: vegas_sp_adjust.py failed - vegas.csv not updated. 
===== run finished Wed 07/22/2026  7:09:25.49 ===== 
===== run started Thu 07/23/2026  6:02:27.31 ===== 
WARNING: vegas_sp_adjust.py failed - vegas.csv not updated. 
===== run finished Thu 07/23/2026  6:03:14.86 ===== 
===== run started Thu 07/23/2026  7:02:28.48 ===== 
WARNING: vegas_sp_adjust.py failed - vegas.csv not updated. 
===== run finished Thu 07/23/2026  7:03:08.09 ===== 
===== run started Fri 07/24/2026  6:02:27.28 ===== 
WARNING: vegas_sp_adjust.py failed - vegas.csv not updated. 
===== run finished Fri 07/24/2026  6:03:12.24 ===== 
===== run started Fri 07/24/2026  7:02:27.38 ===== 
WARNING: vegas_sp_adjust.py failed - vegas.csv not updated. 
===== run finished Fri 07/24/2026  7:03:07.21 ===== 
===== run started Sat 07/25/2026  6:02:27.38 ===== 
WARNING: vegas_sp_adjust.py failed - vegas.csv not updated. 
===== run finished Sat 07/25/2026  6:03:10.91 ===== 
===== run started Sat 07/25/2026  7:02:27.42 ===== 
WARNING: vegas_sp_adjust.py failed - vegas.csv not updated. 
===== run finished Sat 07/25/2026  7:03:07.10 ===== 
===== run started Sun 07/26/2026  6:02:27.36 ===== 
WARNING: vegas_sp_adjust.py failed - vegas.csv not updated. 
===== run finished Sun 07/26/2026  6:03:13.10 ===== 
===== run started Sun 07/26/2026  7:02:27.41 ===== 
WARNING: vegas_sp_adjust.py failed - vegas.csv not updated. 
===== run finished Sun 07/26/2026  7:03:08.47 ===== 
===== run started Mon 07/27/2026  6:02:27.36 ===== 
WARNING: vegas_sp_adjust.py failed - vegas.csv not updated. 
===== run finished Mon 07/27/2026  6:03:13.32 ===== 
===== run started Mon 07/27/2026  7:02:27.45 ===== 
WARNING: vegas_sp_adjust.py failed - vegas.csv not updated. 
===== run finished Mon 07/27/2026  7:03:07.75 ===== 
===== run started Tue 07/28/2026  6:02:27.38 ===== 
WARNING: vegas_sp_adjust.py failed - vegas.csv not updated. 
===== run finished Tue 07/28/2026  6:03:13.04 ===== 
===== run started Tue 07/28/2026  7:02:27.39 ===== 
WARNING: vegas_sp_adjust.py failed - vegas.csv not updated. 
===== run finished Tue 07/28/2026  7:03:08.45 ===== 
===== run started Wed 07/29/2026  6:02:27.47 ===== 
WARNING: vegas_sp_adjust.py failed - vegas.csv not updated. 
===== run finished Wed 07/29/2026  6:03:14.42 ===== 
===== run started Wed 07/29/2026  7:02:27.47 ===== 
WARNING: vegas_sp_adjust.py failed - vegas.csv not updated. 
===== run finished Wed 07/29/2026  7:03:08.66 ===== 
===== run started Thu 07/30/2026  6:02:29.32 ===== 
WARNING: vegas_sp_adjust.py failed - vegas.csv not updated. 
===== run finished Thu 07/30/2026  6:03:17.65 ===== 
===== run started Thu 07/30/2026  7:02:28.00 ===== 
WARNING: vegas_sp_adjust.py failed - vegas.csv not updated. 
===== run finished Thu 07/30/2026  7:03:11.65 ===== 
===== run started Fri 07/31/2026  6:02:27.58 ===== 
WARNING: vegas_sp_adjust.py failed - vegas.csv not updated. 
===== run finished Fri 07/31/2026  6:03:13.82 ===== 
===== run started Fri 07/31/2026  7:02:27.76 ===== 
WARNING: vegas_sp_adjust.py failed - vegas.csv not updated. 
===== run finished Fri 07/31/2026  7:03:10.07 ===== 
===== run started Sat 08/01/2026  6:02:27.63 ===== 
WARNING: vegas_sp_adjust.py failed - vegas.csv not updated. 
===== run finished Sat 08/01/2026  6:03:15.30 ===== 
===== run started Sat 08/01/2026  7:02:28.06 ===== 
WARNING: vegas_sp_adjust.py failed - vegas.csv not updated. 
===== run finished Sat 08/01/2026  7:03:11.05 ===== 
===== run started Sun 08/02/2026  6:02:29.29 ===== 
WARNING: vegas_sp_adjust.py failed - vegas.csv not updated. 
===== run finished Sun 08/02/2026  6:03:17.19 ===== 
===== run started Sun 08/02/2026  7:02:27.70 ===== 
WARNING: vegas_sp_adjust.py failed - vegas.csv not updated. 
===== run finished Sun 08/02/2026  7:03:10.75 ===== 
===== run started Mon 08/03/2026  6:02:27.86 ===== 
WARNING: vegas_sp_adjust.py failed - vegas.csv not updated. 
===== run finished Mon 08/03/2026  6:03:18.17 ===== 
===== run started Mon 08/03/2026  7:02:28.20 ===== 
WARNING: vegas_sp_adjust.py failed - vegas.csv not updated. 
===== run finished Mon 08/03/2026  7:03:12.12 ===== 
===== run started Tue 08/04/2026  6:02:27.92 ===== 
WARNING: vegas_sp_adjust.py failed - vegas.csv not updated. 
===== run finished Tue 08/04/2026  6:03:16.16 ===== 
===== run started Tue 08/04/2026  7:02:27.75 ===== 
WARNING: vegas_sp_adjust.py failed - vegas.csv not updated. 
===== run finished Tue 08/04/2026  7:03:11.05 ===== 
===== run started Wed 08/05/2026  6:02:27.95 ===== 
WARNING: vegas_sp_adjust.py failed - vegas.csv not updated. 
===== run finished Wed 08/05/2026  6:03:17.34 ===== 
===== run started Wed 08/05/2026  7:02:27.69 ===== 
WARNING: vegas_sp_adjust.py failed - vegas.csv not updated. 
===== run finished Wed 08/05/2026  7:03:11.33 ===== 
===== run started Thu 08/06/2026  6:02:29.08 ===== 
WARNING: vegas_sp_adjust.py failed - vegas.csv not updated. 
===== run finished Thu 08/06/2026  6:03:19.98 ===== 
===== run started Thu 08/06/2026  7:02:27.98 ===== 
WARNING: vegas_sp_adjust.py failed - vegas.csv not updated. 
===== run finished Thu 08/06/2026  7:03:13.40 ===== 
===== run started Fri 08/07/2026  6:02:28.05 ===== 
WARNING: vegas_sp_adjust.py failed - vegas.csv not updated. 
===== run finished Fri 08/07/2026  6:03:18.67 ===== 
===== run started Fri 08/07/2026  7:02:28.62 ===== 
WARNING: vegas_sp_adjust.py failed - vegas.csv not updated. 
===== run finished Fri 08/07/2026  7:03:14.43 ===== 
===== run started Sat 08/08/2026  6:02:27.90 ===== 
WARNING: vegas_sp_adjust.py failed - vegas.csv not updated. 
===== run finished Sat 08/08/2026  6:03:19.32 ===== 
===== run started Sat 08/08/2026  7:02:27.91 ===== 
WARNING: vegas_sp_adjust.py failed - vegas.csv not updated. 
===== run finished Sat 08/08/2026  7:03:13.44 ===== 
===== run started Sun 08/09/2026  6:02:28.20 ===== 
WARNING: vegas_sp_adjust.py failed - vegas.csv not updated. 
===== run finished Sun 08/09/2026  6:03:17.94 ===== 
===== run started Sun 08/09/2026  7:02:27.95 ===== 
WARNING: vegas_sp_adjust.py failed - vegas.csv not updated. 
===== run finished Sun 08/09/2026  7:03:13.64 ===== 
===== run started Mon 08/10/2026  6:02:28.16 ===== 
WARNING: vegas_sp_adjust.py failed - vegas.csv not updated. 
===== run finished Mon 08/10/2026  6:03:17.55 ===== 
===== run started Mon 08/10/2026  7:02:28.46 ===== 
WARNING: vegas_sp_adjust.py failed - vegas.csv not updated. 
===== run finished Mon 08/10/2026  7:03:14.37 ===== 
===== run started Tue 08/11/2026  6:02:28.35 ===== 
WARNING: vegas_sp_adjust.py failed - vegas.csv not updated. 
===== run finished Tue 08/11/2026  6:03:21.52 ===== 
===== run started Tue 08/11/2026  7:02:28.06 ===== 
WARNING: vegas_sp_adjust.py failed - vegas.csv not updated. 
===== run finished Tue 08/11/2026  7:03:14.00 ===== 
===== run started Wed 08/12/2026  6:02:28.03 ===== 
WARNING: vegas_sp_adjust.py failed - vegas.csv not updated. 
===== run finished Wed 08/12/2026  6:03:19.71 ===== 
===== run started Wed 08/12/2026  7:02:28.19 ===== 
WARNING: vegas_sp_adjust.py failed - vegas.csv not updated. 
===== run finished Wed 08/12/2026  7:03:14.56 ===== 
===== run started Thu 08/13/2026  6:02:28.06 ===== 
WARNING: vegas_sp_adjust.py failed - vegas.csv not updated. 
===== run finished Thu 08/13/2026  6:03:20.52 ===== 
===== run started Thu 08/13/2026  7:02:28.00 ===== 
WARNING: vegas_sp_adjust.py failed - vegas.csv not updated. 
===== run finished Thu 08/13/2026  7:03:15.06 ===== 
===== run started Fri 08/14/2026  6:02:27.85 ===== 
WARNING: vegas_sp_adjust.py failed - vegas.csv not updated. 
===== run finished Fri 08/14/2026  6:03:19.58 ===== 
===== run started Fri 08/14/2026  7:02:27.98 ===== 
WARNING: vegas_sp_adjust.py failed - vegas.csv not updated. 
===== run finished Fri 08/14/2026  7:03:15.24 ===== 
===== run started Sat 08/15/2026  6:02:28.63 ===== 
WARNING: vegas_sp_adjust.py failed - vegas.csv not updated. 
===== run finished Sat 08/15/2026  6:03:22.12 ===== 
===== run started Sat 08/15/2026  7:02:28.01 ===== 
WARNING: vegas_sp_adjust.py failed - vegas.csv not updated. 
===== run finished Sat 08/15/2026  7:03:15.79 ===== 
===== run started Sun 08/16/2026  6:02:29.86 ===== 
WARNING: vegas_sp_adjust.py failed - vegas.csv not updated. 
===== run finished Sun 08/16/2026  6:03:22.80 ===== 
===== run started Sun 08/16/2026  7:02:28.00 ===== 
WARNING: vegas_sp_adjust.py failed - vegas.csv not updated. 
===== run finished Sun 08/16/2026  7:03:16.91 ===== 
===== run started Mon 08/17/2026  6:02:28.41 ===== 
WARNING: vegas_sp_adjust.py failed - vegas.csv not updated. 
===== run finished Mon 08/17/2026  6:03:20.51 ===== 
===== run started Mon 08/17/2026  7:02:28.01 ===== 
WARNING: vegas_sp_adjust.py failed - vegas.csv not updated. 
===== run finished Mon 08/17/2026  7:03:15.81 ===== 
===== run started Tue 08/18/2026  6:02:28.53 ===== 
WARNING: vegas_sp_adjust.py failed - vegas.csv not updated. 
===== run finished Tue 08/18/2026  6:03:22.74 ===== 
===== run started Tue 08/18/2026  7:02:29.44 ===== 
WARNING: vegas_sp_adjust.py failed - vegas.csv not updated. 
===== run finished Tue 08/18/2026  7:03:18.44 ===== 
===== run started Wed 08/19/2026  6:02:27.98 ===== 
WARNING: vegas_sp_adjust.py failed - vegas.csv not updated. 
===== run finished Wed 08/19/2026  6:03:21.33 ===== 
===== run started Wed 08/19/2026  7:02:28.05 ===== 
WARNING: vegas_sp_adjust.py failed - vegas.csv not updated. 
===== run finished Wed 08/19/2026  7:03:16.74 ===== 
===== run started Thu 08/20/2026  6:02:28.31 ===== 
WARNING: vegas_sp_adjust.py failed - vegas.csv not updated. 
===== run finished Thu 08/20/2026  6:03:23.65 ===== 
===== run started Thu 08/20/2026  7:02:28.57 ===== 
WARNING: vegas_sp_adjust.py failed - vegas.csv not updated. 
===== run finished Thu 08/20/2026  7:03:17.34 ===== 
===== morning stats run started Thu 08/20/2026 23:15:37.43 ===== 
ERROR: base_analysis.py failed - see last_run.log 
===== morning stats run started Thu 08/20/2026 23:25:36.32 ===== 
ERROR: base_analysis.py failed - see last_run.log 
===== morning stats run started Thu 08/20/2026 23:34:14.31 ===== 
===== morning stats run finished Thu 08/20/2026 23:35:51.74 ===== 
===== slate build started Thu 08/20/2026 23:43:55.20 ===== 
===== slate build finished Thu 08/20/2026 23:44:01.48 ===== 
===== slate build started Fri 08/21/2026  0:01:19.94 ===== 
===== slate build finished Fri 08/21/2026  0:01:29.39 ===== 
===== morning stats run started Fri 08/21/2026  6:02:28.26 ===== 
===== morning stats run finished Fri 08/21/2026  6:03:21.81 ===== 
===== morning stats run started Fri 08/21/2026  7:02:28.80 ===== 
===== morning stats run finished Fri 08/21/2026  7:03:18.53 ===== 
===== slate build started Fri 08/21/2026 15:51:08.21 ===== 
===== slate build finished Fri 08/21/2026 15:51:16.58 ===== 
===== slate build started Fri 08/21/2026 16:21:17.45 ===== 
===== slate build finished Fri 08/21/2026 16:21:29.32 ===== 
===== morning stats run started Sat 08/22/2026  6:02:28.46 ===== 
===== morning stats run finished Sat 08/22/2026  6:03:28.10 ===== 
===== morning stats run started Sat 08/22/2026  7:02:28.50 ===== 
===== morning stats run finished Sat 08/22/2026  7:03:18.62 ===== 
===== morning stats run started Sun 08/23/2026  6:02:28.18 ===== 
===== morning stats run finished Sun 08/23/2026  6:03:25.27 ===== 
===== morning stats run started Sun 08/23/2026  7:02:28.51 ===== 
===== morning stats run finished Sun 08/23/2026  7:03:18.74 ===== 
===== morning stats run started Mon 08/24/2026  6:02:28.41 ===== 
===== morning stats run finished Mon 08/24/2026  6:03:28.16 ===== 
===== morning stats run started Mon 08/24/2026  7:02:28.42 ===== 
===== morning stats run finished Mon 08/24/2026  7:03:20.64 ===== 
===== morning stats run started Tue 08/25/2026  6:02:28.57 ===== 
===== morning stats run finished Tue 08/25/2026  6:03:20.31 ===== 
===== morning stats run started Tue 08/25/2026  7:02:30.31 ===== 
===== morning stats run finished Tue 08/25/2026  7:03:19.48 ===== 
===== morning stats run started Thu 08/27/2026  6:02:27.64 ===== 
===== morning stats run finished Thu 08/27/2026  6:03:21.86 ===== 
===== morning stats run started Thu 08/27/2026  7:02:27.91 ===== 
===== morning stats run finished Thu 08/27/2026  7:03:15.38 ===== 
===== morning stats run started Fri 08/28/2026  6:02:27.77 ===== 
===== morning stats run finished Fri 08/28/2026  6:03:21.74 ===== 
===== morning stats run started Fri 08/28/2026  7:02:27.88 ===== 
===== morning stats run finished Fri 08/28/2026  7:03:15.76 ===== 
===== morning stats run started Sat 08/29/2026  6:02:30.12 ===== 
===== morning stats run finished Sat 08/29/2026  6:03:24.07 ===== 
===== morning stats run started Sat 08/29/2026  7:02:28.00 ===== 
===== morning stats run finished Sat 08/29/2026  7:03:15.39 ===== 
===== morning stats run started Sun 08/30/2026  6:02:27.90 ===== 
===== morning stats run finished Sun 08/30/2026  6:03:22.57 ===== 
===== morning stats run started Sun 08/30/2026  7:02:28.08 ===== 
===== morning stats run finished Sun 08/30/2026  7:03:16.27 ===== 
